<html>
<body>
<pre>
<h1>µVision Build Log</h1>
<h2>Project:</h2>
F:\MB1C6Z-SC10\code\ElectricPower\MB1C6U111\MB1C6U111.uvproj
Project File Date:  01/16/2013

<h2>Output:</h2>
Build target 'Target 1'
assembling startup_LPC17xx.s...
compiling system_LPC17xx.c...
compiling RTX_Config.c...
compiling ADconvert.c...
compiling Att7022eu.c...
compiling CAN.c...
compiling Dataflash.c...
compiling Delay.c...
compiling IRIGB.c...
compiling key.c...
compiling Lcd.c...
compiling PinConfig.c...
compiling Relay.c...
compiling Rtc.c...
compiling Switch.c...
compiling uart_device.c...
compiling Usb.c...
compiling Wdt.c...
--- Error: failed to execute 'C:\Keil4\ARM\BIN40\ArmCC'
Target not created
Build target 'Target 1'
compiling Wdt.c...
compiling Att7022euTask.c...
Tasks\Att7022euTask.c(19): error:  #5: cannot open source input file "delay.h": No such file or directory
compiling Backstage.c...
compiling BackstageTable.c...
compiling BatteryManage.c...
Tasks\BatteryManage.c(35): error:  #5: cannot open source input file "Delay.h": No such file or directory
compiling BSCdt.c...
compiling BSModbus.c...
compiling CanComm.c...
compiling Com1Comm.c...
compiling CompareTime.c...
compiling Crc.c...
compiling DCcollect.c...
Tasks\DCcollect.h(38): error:  #5: cannot open source input file "ADconvert.h": No such file or directory
compiling Display.c...
compiling DisplayString.c...
compiling Encry.c...
compiling Fault.c...
compiling FaultId.c...
compiling FetchFlash.c...
compiling KeyTask.c...
Tasks\KeyTask.c(5): error:  #5: cannot open source input file "Relay.h": No such file or directory
compiling LoadFile.c...
compiling Log.c...
compiling Main.c...
Tasks\DCcollect.h(38): error:  #5: cannot open source input file "ADconvert.h": No such file or directory
compiling PublicData.c...
compiling SwitchTsak.c...
compiling WdtTask.c...
Target not created
Build target 'Target 1'
compiling Att7022euTask.c...
compiling BatteryManage.c...
Tasks\BatteryManage.c(37): error:  #5: cannot open source input file "rtc.h": No such file or directory
compiling DCcollect.c...
Tasks\DCcollect.c(23): error:  #5: cannot open source input file "Relay.h": No such file or directory
compiling KeyTask.c...
Tasks\KeyTask.c(5): error:  #5: cannot open source input file "Relay.h": No such file or directory
compiling Main.c...
Target not created
Build target 'Target 1'
compiling BatteryManage.c...
compiling DCcollect.c...
Tasks\DCcollect.c(24): error:  #5: cannot open source input file "Delay.h": No such file or directory
compiling KeyTask.c...
Tasks\KeyTask.c(6): error:  #5: cannot open source input file "Delay.h": No such file or directory
Target not created
Build target 'Target 1'
compiling DCcollect.c...
Tasks\DCcollect.c(25): error:  #5: cannot open source input file "Usb.h": No such file or directory
compiling KeyTask.c...
Target not created
Build target 'Target 1'
compiling DCcollect.c...
linking...
Program Size: Code=125936 RO-data=116764 RW-data=1112 ZI-data=44080  
FromELF: creating hex file...
".\Obj\MB1C6U111.axf" - 0 Error(s), 0 Warning(s).
Build target 'Target 1'
linking...
Program Size: Code=125936 RO-data=116764 RW-data=1112 ZI-data=44080  
FromELF: creating hex file...
".\Obj\MB1C6U111.axf" - 0 Error(s), 0 Warning(s).
Rebuild target 'Target 1'
assembling startup_LPC17xx.s...
compiling system_LPC17xx.c...
compiling RTX_Config.c...
compiling ADconvert.c...
compiling Att7022eu.c...
compiling CAN.c...
compiling Dataflash.c...
compiling Delay.c...
compiling IRIGB.c...
compiling key.c...
compiling Lcd.c...
compiling PinConfig.c...
compiling Relay.c...
compiling Rtc.c...
compiling Switch.c...
compiling uart_device.c...
compiling Usb.c...
compiling Wdt.c...
compiling Att7022euTask.c...
compiling Backstage.c...
compiling BackstageTable.c...
compiling BatteryManage.c...
compiling BSCdt.c...
compiling BSModbus.c...
compiling CanComm.c...
compiling Com1Comm.c...
compiling CompareTime.c...
compiling Crc.c...
compiling DCcollect.c...
compiling Display.c...
compiling DisplayString.c...
compiling Encry.c...
compiling Fault.c...
compiling FaultId.c...
compiling FetchFlash.c...
compiling KeyTask.c...
compiling LoadFile.c...
compiling Log.c...
compiling Main.c...
compiling PublicData.c...
compiling SwitchTsak.c...
compiling WdtTask.c...
linking...
Program Size: Code=125936 RO-data=116764 RW-data=1112 ZI-data=44080  
FromELF: creating hex file...
".\Obj\MB1C6U111.axf" - 0 Error(s), 0 Warning(s).
