<html>
<body>
<pre>
<h1>µVision Build Log</h1>
<h2>Project:</h2>
D:\MyProg\MCU_PROJECT\IARM-SCXX\SC32_USER\shijiazhuang_kelin\01201502052\A45.1400.C30.1\1-SOFT\2B2C-MB1C6U111\MB1C6U111\MB1C6U111.uvproj
Project File Date:  01/21/2015

<h2>Output:</h2>
Build target 'Target 1'
compiling Att7022euTask.c...
compiling Backstage.c...
compiling BackstageTable.c...
compiling BatteryManage.c...
compiling BSCdt.c...
compiling BSModbus.c...
compiling CanComm.c...
compiling CanDCDCComm.c...
compiling Com1Comm.c...
compiling CompareTime.c...
compiling DCcollect.c...
compiling Display.c...
compiling DisplayString.c...
compiling Fault.c...
compiling FetchFlash.c...
compiling KeyTask.c...
compiling LoadFile.c...
compiling Main.c...
compiling PublicData.c...
compiling SwitchTsak.c...
compiling WdtTask.c...
compiling BSInternal.c...
linking...
Program Size: Code=164572 RO-data=136316 RW-data=2996 ZI-data=55216  
FromELF: creating hex file...
User command #1: fromelf --bin .\Obj\MB1C6U111.axf --output .\Obj\MB1C6U111.bin
".\Obj\MB1C6U111.axf" - 0 Error(s), 0 Warning(s).
